Ошибка при чтении файла словаря: words.txt (Не удается найти указанный файл)
Критический сбой программы: ru.yandex.practicum.DictionaryException: Не удалось загрузить словарь.
ru.yandex.practicum.DictionaryException: Не удалось загрузить словарь.
	at ru.yandex.practicum.WordleDictionaryLoader.load(WordleDictionaryLoader.java:24)
	at ru.yandex.practicum.Wordle.runGame(Wordle.java:21)
	at ru.yandex.practicum.Wordle.main(Wordle.java:11)
Словарь успешно загружен. Количество слов: 4159
Игра начата. Загадано слово: остит
Ошибка ввода пользователя: Слово должно состоять из 5 букв!
Запрошена подсказка. Текущих попыток: 1
Ошибка ввода пользователя: Слово не найдено в словаре.
Запрошена подсказка. Текущих попыток: 1
ОшиСловарь успешно загружен. Количество слов: 4159
Игра начата. Загадано слово: гусли
Запрошена подсказка. Текущих попыток: 0
Ошибка ввода пользователя: Слово не найдено в словаре.
Ошибка ввода пользователя: Слово должно состоять из 5 букв!
Словарь успешно загружен. Количество слов: 4159
Игра начата. Загадано слово: сленг
Запрошена подсказка. Текущих попыток: 0
Словарь успешно загружен. Количество слов: 4159
Игра начата. Загадано слово: хилая
Запрошена подсказка. Текущих попыток: 0
Ошибка ввода пользователя: Слово не найдено в словаре.
Словарь успешно загружен. Количество слов: 4159
Игра начата. Загадано слово: страз
Запрошена подсказка. Текущих попыток: 0
Запрошена подсказка. Текущих попыток: 0
Запрошена подсказка. Текущих попыток: 0
Запрошена подсказка. Текущих попыток: 0
Запрошена подсказка. Текущих попыток: 0
Запрошена подсказка. Текущих попыток: 0
Запрошена подсказка. Текущих попыток: 0
Запрошена подсказка. Текущих попыток: 0
Запрошена подсказка. Текущих попыток: 0
Запрошена подсказка. Текущих попыток: 0
Запрошена подсказка. Текущих попыток: 0
Запрошена подсказка. Текущих попыток: 0
Запрошена подсказка. Текущих попыток: 0
Запрошена подсказка. Текущих попыток: 0
Запрошена подсказка. Текущих попыток: 0
Запрошена подсказка. Текущих попыток: 0
Запрошена подсказка. Текущих попыток: 0
Запрошена подсказка. Текущих попыток: 0
Запрошена подсказка. Текущих попыток: 0
Запрошена подсказка. Текущих попыток: 0
Запрошена подсказка. Текущих попыток: 0
Запрошена подсказка. Текущих попыток: 0
Запрошена подсказка. Текущих попыток: 0
Запрошена подсказка. Текущих попыток: 0
Запрошена подсказка. Текущих попыток: 0
Запрошена подсказка. Текущих попыток: 0
Запрошена подсказка. Текущих попыток: 0
Запрошена подсказка. Текущих попыток: 0
Запрошена подсказка. Текущих попыток: 0
Запрошена подсказка. Текущих попыток: 0
Запрошена подсказка. Текущих попыток: 0
Запрошена подсказка. Текущих попыток: 0
Запрошена подсказка. Текущих попыток: 0
Запрошена подсказка. Текущих попыток: 0
Запрошена подсказка. Текущих попыток: 0
Запрошена подсказка. Текущих попыток: 0
Запрошена подсказка. Текущих попыток: 0
Запрошена подсказка. Текущих попыток: 0
Запрошена подсказка. Текущих попыток: 0
Запрошена подсказка. Текущих попыток: 0
Словарь успешно загружен. Количество слов: 4159
Игра начата. Загадано слово: перед
Запрошена подсказка. Текущих попыток: 0
Пользователь нажал Enter. Автоматически выбрано слово: синто
Ход: синто | Результат: -----
Запрошена подсказка. Текущих попыток: 1
Пользователь нажал Enter. Автоматически выбрано слово: уздца
Ход: уздца | Результат: --^--
Запрошена подсказка. Текущих попыток: 2
Пользователь нажал Enter. Автоматически выбрано слово: дрель
Ход: дрель | Результат: ^^^--
Запрошена подсказка. Текущих попыток: 3
Пользователь нажал Enter. Автоматически выбрано слово: черед
Ход: черед | Результат: -++++
Запрошена подсказка. Текущих попыток: 4
Пользователь нажал Enter. Автоматически выбрано слово: перед
Ход: перед | Результат: +++++
Словарь успешно загружен. Количество слов: 4159
Игра начата. Загадано слово: хедер
Запрошена подсказка. Текущих попыток: 0
Пользователь нажал Enter. Автоматически выбрано слово: забор
Ход: забор | Результат: ----+
Запрошена подсказка. Текущих попыток: 1
Пользователь нажал Enter. Автоматически выбрано слово: фюрер
Ход: фюрер | Результат: --^++
Запрошена подсказка. Текущих попыток: 2
Пользователь нажал Enter. Автоматически выбрано слово: нукер
Ход: нукер | Результат: ---++
Запрошена подсказка. Текущих попыток: 3
Пользователь нажал Enter. Автоматически выбрано слово: вивер
Ход: вивер | Результат: ---++
Запрошена подсказка. Текущих попыток: 4
Пользователь нажал Enter. Автоматически выбрано слово: плеер
Ход: плеер | Результат: --^++
Запрошена подсказка. Текущих попыток: 5
Пользователь нажал Enter. Автоматически выбрано слово: чемер
Ход: чемер | Результат: -+-++
Словарь успешно загружен. Количество слов: 4159
Игра начата. Загадано слово: штрек
Ошибка при вводе 'дубина': Слово должно состоять из 5 букв!
Ход: ложка | Результат: ---^-
Ход: ложка | Результат: ---^-
Запрошена подсказка. Текущих попыток: 2
Пользователь нажал Enter. Автоматически выбрано с